[debug] [2024-08-11T15:41:56.270Z] ----------------------------------------------------------------------
[debug] [2024-08-11T15:41:56.275Z] Command:       C:\Program Files\nodejs\node.exe C:\Users\cash\AppData\Roaming\npm\node_modules\firebase-tools\lib\bin\firebase.js projects:list
[debug] [2024-08-11T15:41:56.276Z] CLI Version:   12.9.1
[debug] [2024-08-11T15:41:56.276Z] Platform:      win32
[debug] [2024-08-11T15:41:56.277Z] Node Version:  v20.3.1
[debug] [2024-08-11T15:41:56.277Z] Time:          Sun Aug 11 2024 17:41:56 GMT+0200 (South Africa Standard Time)
[debug] [2024-08-11T15:41:56.277Z] ----------------------------------------------------------------------
[debug] 
[debug] [2024-08-11T15:41:56.434Z] > command requires scopes: ["email","openid","https://www.googleapis.com/auth/cloudplatformprojects.readonly","https://www.googleapis.com/auth/firebase","https://www.googleapis.com/auth/cloud-platform"]
[debug] [2024-08-11T15:41:56.435Z] > authorizing via signed-in user (mongidlanjwa@gmail.com)
[debug] [2024-08-11T15:41:56.442Z] > refreshing access token with scopes: []
[debug] [2024-08-11T15:41:56.446Z] >>> [apiv2][query] POST https://www.googleapis.com/oauth2/v3/token [none]
[debug] [2024-08-11T15:41:56.446Z] >>> [apiv2][body] POST https://www.googleapis.com/oauth2/v3/token [omitted]
[debug] [2024-08-11T15:41:59.578Z] <<< [apiv2][status] POST https://www.googleapis.com/oauth2/v3/token 400
[debug] [2024-08-11T15:41:59.579Z] <<< [apiv2][body] POST https://www.googleapis.com/oauth2/v3/token [omitted]
[debug] [2024-08-11T15:41:59.584Z] >>> [apiv2][query] GET https://firebase.googleapis.com/v1beta1/projects pageSize=1000
[debug] [2024-08-11T15:42:01.010Z] <<< [apiv2][status] GET https://firebase.googleapis.com/v1beta1/projects 401
[debug] [2024-08-11T15:42:01.011Z] <<< [apiv2][body] GET https://firebase.googleapis.com/v1beta1/projects [omitted]
[debug] [2024-08-11T15:42:01.015Z] HTTP Error: 401, Request had invalid authentication credentials. Expected OAuth 2 access token, login cookie or other valid authentication credential. See https://developers.google.com/identity/sign-in/web/devconsole-project.
[debug] [2024-08-11T15:42:02.154Z] FirebaseError: HTTP Error: 401, Request had invalid authentication credentials. Expected OAuth 2 access token, login cookie or other valid authentication credential. See https://developers.google.com/identity/sign-in/web/devconsole-project.
    at responseToError (C:\Users\cash\AppData\Roaming\npm\node_modules\firebase-tools\lib\responseToError.js:49:12)
    at RetryOperation._fn (C:\Users\cash\AppData\Roaming\npm\node_modules\firebase-tools\lib\apiv2.js:285:77)
    at process.processTicksAndRejections (node:internal/process/task_queues:95:5)
[error] 
[error] Error: Failed to list Firebase projects. See firebase-debug.log for more info.
[debug] [2024-08-11T15:44:50.202Z] ----------------------------------------------------------------------
[debug] [2024-08-11T15:44:50.227Z] Command:       C:\Program Files\nodejs\node.exe C:\Users\cash\AppData\Roaming\npm\node_modules\firebase-tools\lib\bin\firebase.js use --add
[debug] [2024-08-11T15:44:50.236Z] CLI Version:   12.9.1
[debug] [2024-08-11T15:44:50.236Z] Platform:      win32
[debug] [2024-08-11T15:44:50.237Z] Node Version:  v20.3.1
[debug] [2024-08-11T15:44:50.237Z] Time:          Sun Aug 11 2024 17:44:50 GMT+0200 (South Africa Standard Time)
[debug] [2024-08-11T15:44:50.238Z] ----------------------------------------------------------------------
[debug] 
[debug] [2024-08-11T15:44:50.405Z] > command requires scopes: ["email","openid","https://www.googleapis.com/auth/cloudplatformprojects.readonly","https://www.googleapis.com/auth/firebase","https://www.googleapis.com/auth/cloud-platform"]
[debug] [2024-08-11T15:44:50.406Z] > authorizing via signed-in user (mongidlanjwa@gmail.com)
[debug] [2024-08-11T15:44:50.412Z] > refreshing access token with scopes: []
[debug] [2024-08-11T15:44:50.416Z] >>> [apiv2][query] POST https://www.googleapis.com/oauth2/v3/token [none]
[debug] [2024-08-11T15:44:50.417Z] >>> [apiv2][body] POST https://www.googleapis.com/oauth2/v3/token [omitted]
[debug] [2024-08-11T15:44:51.809Z] <<< [apiv2][status] POST https://www.googleapis.com/oauth2/v3/token 400
[debug] [2024-08-11T15:44:51.810Z] <<< [apiv2][body] POST https://www.googleapis.com/oauth2/v3/token [omitted]
[debug] [2024-08-11T15:44:51.817Z] >>> [apiv2][query] GET https://firebase.googleapis.com/v1beta1/projects pageSize=1000
[debug] [2024-08-11T15:44:52.686Z] <<< [apiv2][status] GET https://firebase.googleapis.com/v1beta1/projects 401
[debug] [2024-08-11T15:44:52.687Z] <<< [apiv2][body] GET https://firebase.googleapis.com/v1beta1/projects [omitted]
[debug] [2024-08-11T15:44:52.692Z] HTTP Error: 401, Request had invalid authentication credentials. Expected OAuth 2 access token, login cookie or other valid authentication credential. See https://developers.google.com/identity/sign-in/web/devconsole-project.
[debug] [2024-08-11T15:44:53.841Z] FirebaseError: HTTP Error: 401, Request had invalid authentication credentials. Expected OAuth 2 access token, login cookie or other valid authentication credential. See https://developers.google.com/identity/sign-in/web/devconsole-project.
    at responseToError (C:\Users\cash\AppData\Roaming\npm\node_modules\firebase-tools\lib\responseToError.js:49:12)
    at RetryOperation._fn (C:\Users\cash\AppData\Roaming\npm\node_modules\firebase-tools\lib\apiv2.js:285:77)
    at process.processTicksAndRejections (node:internal/process/task_queues:95:5)
[error] 
[error] Error: Failed to list Firebase projects. See firebase-debug.log for more info.
[debug] [2024-08-11T15:45:38.430Z] ----------------------------------------------------------------------
[debug] [2024-08-11T15:45:38.435Z] Command:       C:\Program Files\nodejs\node.exe C:\Users\cash\AppData\Roaming\npm\node_modules\firebase-tools\lib\bin\firebase.js use --add
[debug] [2024-08-11T15:45:38.436Z] CLI Version:   12.9.1
[debug] [2024-08-11T15:45:38.436Z] Platform:      win32
[debug] [2024-08-11T15:45:38.437Z] Node Version:  v20.3.1
[debug] [2024-08-11T15:45:38.437Z] Time:          Sun Aug 11 2024 17:45:38 GMT+0200 (South Africa Standard Time)
[debug] [2024-08-11T15:45:38.438Z] ----------------------------------------------------------------------
[debug] 
[debug] [2024-08-11T15:45:38.592Z] > command requires scopes: ["email","openid","https://www.googleapis.com/auth/cloudplatformprojects.readonly","https://www.googleapis.com/auth/firebase","https://www.googleapis.com/auth/cloud-platform"]
[debug] [2024-08-11T15:45:38.593Z] > authorizing via signed-in user (mongidlanjwa@gmail.com)
[debug] [2024-08-11T15:45:38.596Z] > refreshing access token with scopes: []
[debug] [2024-08-11T15:45:38.599Z] >>> [apiv2][query] POST https://www.googleapis.com/oauth2/v3/token [none]
[debug] [2024-08-11T15:45:38.599Z] >>> [apiv2][body] POST https://www.googleapis.com/oauth2/v3/token [omitted]
[debug] [2024-08-11T15:45:40.026Z] <<< [apiv2][status] POST https://www.googleapis.com/oauth2/v3/token 400
[debug] [2024-08-11T15:45:40.027Z] <<< [apiv2][body] POST https://www.googleapis.com/oauth2/v3/token [omitted]
[debug] [2024-08-11T15:45:40.029Z] >>> [apiv2][query] GET https://firebase.googleapis.com/v1beta1/projects pageSize=1000
[debug] [2024-08-11T15:45:40.733Z] <<< [apiv2][status] GET https://firebase.googleapis.com/v1beta1/projects 401
[debug] [2024-08-11T15:45:40.734Z] <<< [apiv2][body] GET https://firebase.googleapis.com/v1beta1/projects [omitted]
[debug] [2024-08-11T15:45:40.738Z] HTTP Error: 401, Request had invalid authentication credentials. Expected OAuth 2 access token, login cookie or other valid authentication credential. See https://developers.google.com/identity/sign-in/web/devconsole-project.
[debug] [2024-08-11T15:45:41.505Z] FirebaseError: HTTP Error: 401, Request had invalid authentication credentials. Expected OAuth 2 access token, login cookie or other valid authentication credential. See https://developers.google.com/identity/sign-in/web/devconsole-project.
    at responseToError (C:\Users\cash\AppData\Roaming\npm\node_modules\firebase-tools\lib\responseToError.js:49:12)
    at RetryOperation._fn (C:\Users\cash\AppData\Roaming\npm\node_modules\firebase-tools\lib\apiv2.js:285:77)
    at process.processTicksAndRejections (node:internal/process/task_queues:95:5)
[error] 
[error] Error: Failed to list Firebase projects. See firebase-debug.log for more info.
